19
317
17
9
306
112
2333
106
900
49
10
799969
9000
