5 3
5 3
6 2
4 0
3 5
6 2
3 5
3 5
1 7
3 4
4 4
2 5
4 1
5 3
2 6
6 1
4 4
6 2
4 4
4 4
6 2
3 5
4 4
2 3
7 1
6 2
6 2
5 2
3 5
4 4
5 3
4 2
4 4
4 0
2 6
4 4
6 2
5 3
4 4
4 4
3 1
5 3
3 1
7 1
4 3
5 1
5 2
4 4
4 2
2 0
3 2
5 0
7 0
5 1
4 3
5 3
5 3
7 1
3 3
4 2
5 0
5 3
4 3
4 4
2 5
5 3
5 3
3 5
5 3
3 5
4 4
2 5
5 2
3 5
6 2
2 6
4 1
3 5
4 4
5 1
4 4
4 4
5 2
3 4
4 3
4 4
2 6
3 5
2 5
8 0
4 4
6 0
5 1
5 2
6 2
1 0
3 5
6 0
5 0
5 1
