5 1
4 4
3 3
4 0
4 2
5 2
2 0
6 2
4 4
4 2
4 4
3 4
4 4
5 3
4 2
6 2
3 1
4 1
3 5
6 1
4 4
4 4
6 2
5 0
4 3
5 3
3 5
5 2
7 1
4 4
3 5
2 6
6 2
6 2
5 2
2 5
4 3
2 6
4 3
3 1
5 0
6 2
4 2
4 3
3 4
4 0
3 5
6 1
3 4
2 4
4 4
4 4
7 0
5 3
6 2
2 3
2 2
7 1
7 1
8 0
4 1
4 2
5 1
3 5
2 6
5 2
3 0
3 5
3 0
4 2
4 2
2 6
8 0
3 5
6 0
6 2
3 2
4 2
5 3
5 3
5 2
7 1
7 0
3 5
2 6
4 1
4 4
5 0
4 1
5 3
2 2
6 2
6 1
3 5
2 3
2 6
6 1
3 4
7 1
3 5
