6 2
5 2
3 3
2 5
3 3
4 4
2 6
7 0
3 5
4 3
3 1
7 0
2 6
3 5
5 3
3 5
5 3
6 1
6 1
5 2
3 5
4 4
5 3
3 5
4 4
6 2
3 3
4 2
4 3
4 3
3 1
5 3
2 5
4 1
8 0
3 5
4 4
6 2
6 0
3 4
7 1
6 1
6 2
5 0
6 0
4 1
3 0
4 4
3 5
3 5
4 4
4 4
8 0
6 2
4 1
4 4
7 0
4 2
2 6
5 3
5 0
5 1
4 0
4 4
4 0
3 2
5 3
2 6
3 5
3 5
2 4
6 2
3 4
2 4
3 5
5 3
4 4
5 1
5 3
5 3
3 4
5 3
5 2
4 4
2 6
5 0
3 2
6 1
6 2
7 1
6 2
4 0
3 2
4 4
2 4
5 3
2 5
2 6
5 3
2 4
