7 1
6 2
4 4
6 0
1 3
2 4
7 1
3 4
4 4
3 5
4 3
4 3
2 6
4 4
5 0
7 1
3 5
4 4
5 3
4 4
6 0
4 0
3 4
3 5
2 6
2 6
6 2
6 2
5 3
1 0
5 1
7 1
4 4
5 3
3 4
5 3
5 3
4 4
3 5
4 0
7 1
5 3
4 4
4 0
6 2
7 0
3 3
4 4
6 0
6 2
5 3
5 0
4 4
5 3
4 3
3 0
4 1
4 4
6 2
4 4
4 4
5 3
8 0
5 3
8 0
2 5
3 5
2 2
2 0
4 2
3 1
8 0
3 5
4 4
5 3
5 1
4 4
6 0
3 3
7 1
7 1
4 4
2 6
4 4
5 3
3 3
3 5
4 4
2 6
3 5
5 0
1 7
3 5
2 6
3 2
1 7
5 3
4 0
6 0
2 6
