4
Never
5
4
Never
Never
3
0
Impossible
Never
4
Never
Impossible
Impossible
Impossible
1
Never
19
31
0
-3
7
Impossible
-99
-99
22
-20
-21
Impossible
Impossible
Impossible
19
Impossible
4
Never
461
1
Never
1
0
31
Never
Never
Never
58
2
2
Never
Impossible
Never
Impossible
Never
Impossible
Impossible
Never
Impossible
Impossible
Never
Never
Never
Never
Never
Impossible
Never
Never
3
29
35
18
21
18
Never
Never
Never
Never
-59999
8970001
-8969999
1060001
115812
-26752
-21715
-17570
-4119
Impossible
550001
-4639999
3940001
-163282
-9999
Impossible
3577
-25659
-3539
-732
-489999
940001
460001
-15068
-5838
-128272
-16464
-56204
-39999
-5130
-9533
234315
-37225
193223
-26339
Never
-71803
49189
-131735
-66786
27944
-72392
570001
-259999
-149622
-59784
207411
-36316
105895
-3689999
-41653
-91471
-1449999
-40327
50001
0
-5
0
-312
0
-1
-5
-7
-1
0
0
-3
-5
-94
0
-6
-5
0
-1
-1
-5
-7
0
-1
0
-5
-6
0
0
0
0
0
0
0
0
-7
0
0
-54
-1
-1
-9
-5
0
-1
0
0
0
-1
0
0
-6
-1
-1
-5
0
-2
-1
-6
0
0
-1
-11
-188
-104
0
-6
0
-2689
-5
0
0
0
-10
0
-1
0
0
-1
-1690
0
-1
-1
0
0
0
-5
-258
0
-6
-7
-1
0
-1
-1
-1
-6
-246
-5
-3
-5
-1
0
-2
-1
-6
0
0
0
0
-1
-1
0
-5
0
-1
-1
0
-998
-6
-1
Never
Never
Never
4
Never
Never
Never
Never
Never
Never
Never
Never
Never
Never
Never
Impossible
Impossible
Impossible
Never
Never
Impossible
Never
Never
Never
Never
Never
Never
Never
Never
Impossible
13777
37
37
3734
1362
37
1238
5217
47
13895
2397
20
35
18
Impossible
Impossible
3244
6614
4276
32
Impossible
Impossible
Impossible
Impossible
25
44
Impossible
Impossible
Impossible
54
Never
Impossible
Never
Never
Never
8
Never
Never
Never
10
Never
Never
Never
10
Never
Never
3
Never
Never
Never
Never
Impossible
Never
Never
Never
Impossible
Never
Never
1
11
Never
Impossible
5
12
Never
Never
9
Impossible
Never
Never
Never
Never
Never
Impossible
10
-3
Never
Never
Never
81
Never
Never
1
Impossible
Never
Never
2
59
Never
Never
Never
73
Never
Never
5
13
Never
Never
Never
12
Never
Never
2
85
Never
Never
Never
13
Never
Never
-5
Impossible
Never
Never
9
Impossible
Impossible
Never
Never
Never
Never
Never
11
Impossible
Never
Never
Never
10
Never
Never
