7 WNEENEE
10 WWSWNNEEEN
IMPOSSIBLE
20 SESSENNNEEENNNNNNNNN
28 EENNNEEENNNNNENEESSSENNNNNNW
65 WWWSSEEENNNEEEEEEEEENNWWWWWWWWWWWWWWWWNESSSSSSSSSWWWWWWWWWWWWWWWW
1366 EEEEEEEEEEEEEEEEEEEEEEEEEEEEEEEEEEEEEEEEEEEEEEESSSSSSSSSSSSSSSSSSSSSSSSSSSSSSSSSSSSSSSSSSSSSSWWWWWWWWWWWWWWWWWWWWWWWWWWWWWWWWWWWWWWWWWWWWWWWNWNNNNNNNNNNNNNNNNNNNNNNNNNNNNNNNNNNNNNNNNNNNNNEEEEEEEEEEEEEEEEEEEEEEEEEEEEEEEEEEEEEEEEEEEEEEESSSSSSSSSSSSSSSSSSSSSSSSSSSSSSSSSSSSSSSSSSSWWWWWWWWWWWWWWWWWWWWWWWWWWWWWWWWWWWWWWWWWWWNWWWWNWNNNNNNNNNNNNNNNNNNNNNNNNNNNNNNNNNNNNNNNNEEEEEEEEEEEEEEEEEEEEEEEEEEEEEEEEEEEEEEEEEEEEEEESSSSSSSSSSSSSSSSSSSSSSSSSSSSSSSSSSSSSSSWWWWWWWWWWWWWWWWWWWWWWWWWWWWWWWWWWWWWWWNWWWWWWWWNWNNNNNNNNNNNNNNNNNNNNNNNNNNNNNNNNNNNEEEEEEEEEEEEEEEEEEEEEEEEEEEEEEEEEEEEEEEEEEEEEEESESSSSSSSSSSSSSSSSSSSSSSSSSSSSSSSSSWWWWWWWWWWWWWWWWWWWWWWWWWWWWWWWWWWWNWWWWWWWWWWWWNWNNNNNNNNNNNNNNNNNNNNNNNNNNNNNNEEEEEEEEEEEEEEEEEEEEEEEEEEEEEEEEEEEEEEEEEEEEEEESESSSSSSSSSSSSSSSSSSSSSSSSSSSSWWWWWWWWWWWWWWWWWWWWWWWWWWWWWWWNWWWWWWWWWWWWWWWWNWNNNNNNNNNNNNNNNNNNNNNNNNNEEEEEEEEEEEEEEEEEEEEEEEEEEEEEEEEEEEEEEEEEEEEEEESESSSSSSSSSSSSSSSSSSSSSSSWWWWWWWWWWWWWWWWWWWWWWWWWWWNWWWWWWWWWWWWWWWWWWWWNWNNNNNNNNNNNNNNNNNNNNEEEEEEEEEEEEEEEEEEEEEEEEEEEEEEEEEEEEEEEEEEEEEEESESSSSSSSSSSSSSSSSSSWWWWWWWWWWWWWWWWWWWWWWWNWWWWWWWWWWWWWWWWWWWWWWWWNWNNNNNNNNNNNNNNNEEEEEEEEEEEEEEEEEEEEEEEEEEEEEEEEEEEEEEEEEEEEEEESESSSSSSSSSSSSSWWWWWWWWWWWWWWWWWWWNWWWWWWWWWWWWWWWWWWWWWWWWWWWWNWNNNNNNNNNNEEEEEEEEEEEEEEEEEEEEEEEEEEEEEEEEEEEEEEEEEEEEEEESESSSSSSSSWWWWWWWWWWWWWWWNWWNNNNNNNNNNNNNNNNNNNNNNNNNNNSWWWWWWWWWWWWWNN
1346 EEEEEEEEEEEEEEEEEEEEEEEEEEEEEEEEEEEEEEEEEEEEEEESSSSSSSSSSSSSSSSSSSSSSSSSSSSSSSSSSSSSSSSSSSSSSWWWWWWWWWWWWWWWWWWWWWWWWWWWWWWWWWWWWWWWWWWWWWWWNWNNNNNNNNNNNNNNNNNNNNNNNNNNNNNNNNNNNNNNNNNNNNNEEEEEEEEEEEEEEEEEEEEEEEEEEEEEEEEEEEEEEEEEEEEEEESSSSSSSSSSSSSSSSSSSSSSSSSSSSSSSSSSSSSSSSSSSWWWWWWWWWWWWWWWWWWWWWWWWWWWWWWWWWWWWWWWWWWWNWWWWNWNNNNNNNNNNNNNNNNNNNNNNNNNNNNNNNNNNNNNNNNEEEEEEEEEEEEEEEEEEEEEEEEEEEEEEEEEEEEEEEEEEEEEEESSSSSSSSSSSSSSSSSSSSSSSSSSSSSSSSSSSSSSSWWWWWWWWWWWWWWWWWWWWWWWWWWWWWWWWWWWWWWWNWWWWWWWWNWNNNNNNNNNNNNNNNNNNNNNNNNNNNNNNNNNNNEEEEEEEEEEEEEEEEEEEEEEEEEEEEEEEEEEEEEEEEEEEEEEESESSSSSSSSSSSSSSSSSSSSSSSSSSSSSSSSSWWWWWWWWWWWWWWWWWWWWWWWWWWWWWWWWWWWNWWWWWWWWWWWWNWNNNNNNNNNNNNNNNNNNNNNNNNNNNNNNEEEEEEEEEEEEEEEEEEEEEEEEEEEEEEEEEEEEEEEEEEEEEEESESSSSSSSSSSSSSSSSSSSSSSSSSSSSWWWWWWWWWWWWWWWWWWWWWWWWWWWWWWWNWWWWWWWWWWWWWWWWNWNNNNNNNNNNNNNNNNNNNNNNNNNEEEEEEEEEEEEEEEEEEEEEEEEEEEEEEEEEEEEEEEEEEEEEEESESSSSSSSSSSSSSSSSSSSSSSSWWWWWWWWWWWWWWWWWWWWWWWWWWWNWWWWWWWWWWWWWWWWWWWWNWNNNNNNNNNNNNNNNNNNNNEEEEEEEEEEEEEEEEEEEEEEEEEEEEEEEEEEEEEEEEEEEEEEESESSSSSSSSSSSSSSSSSSWWWWWWWWWWWWWWWWWWWWWWWNWWWWWWWWWWWWWWWWWWWWWWWWNWNNNNNNNNNNNNNNNEEEEEEEEEEEEEEEEEEEEEEEEEEEEEEEEEEEEEEEEEEEEEEESESSSSSSSSSSSSSWWWWWWWWWWWWWWWWWWWNWWWWWWWWWWWWWWWWWWWWWWWWWWWWNWNNNNNNNNNNEEEEEEEEEEEEEEEEEEEEEEEEEEEEEEEEEEEEEEEEEEEEEEESESSSSSSSSSSSSSSSSSSSSSSSSSSSSSSSSSSEEEEEEEEEEEEEEE
1210 EEEEEEEEEEEEEEEEEEEEEEEEEEEEEEEEEEEEEEEEEEEEEEESSSSSSSSSSSSSSSSSSSSSSSSSSSSSSSSSSSSSSWWWWWWWWWWWWWWWWWWWWWWWWWWWWWWWWWWWWWWWWWWWWWWWNWNNNNNNNNNNNNNNNNNNNNNNNNNNNNNNNNNNNNNEEEEEEEEEEEEEEEEEEEEEEEEEEEEEEEEEEEEEEEEEEEEEEESSSSSSSSSSSSSSSSSSSSSSSSSSSSSSSSSSSWWWWWWWWWWWWWWWWWWWWWWWWWWWWWWWWWWWWWWWWWWWNWWWWNWNNNNNNNNNNNNNNNNNNNNNNNNNNNNNNNNEEEEEEEEEEEEEEEEEEEEEEEEEEEEEEEEEEEEEEEEEEEEEEESSSSSSSSSSSSSSSSSSSSSSSSSSSSSSSWWWWWWWWWWWWWWWWWWWWWWWWWWWWWWWWWWWWWWWNWWWWWWWWNWNNNNNNNNNNNNNNNNNNNNNNNNNNNEEEEEEEEEEEEEEEEEEEEEEEEEEEEEEEEEEEEEEEEEEEEEEESESSSSSSSSSSSSSSSSSSSSSSSSSWWWWWWWWWWWWWWWWWWWWWWWWWWWWWWWWWWWNWWWWWWWWWWWWNWNNNNNNNNNNNNNNNNNNNNNNEEEEEEEEEEEEEEEEEEEEEEEEEEEEEEEEEEEEEEEEEEEEEEESESSSSSSSSSSSSSSSSSSSSWWWWWWWWWWWWWWWWWWWWWWWWWWWWWWWNWWWWWWWWWWWWWWWWNWNNNNNNNNNNNNNNNNNEEEEEEEEEEEEEEEEEEEEEEEEEEEEEEEEEEEEEEEEEEEEEEESESSSSSSSSSSSSSSSWWWWWWWWWWWWWWWWWWWWWWWWWWWNWWWWWWWWWWWWWWWWWWWWNWNNNNNNNNNNNNEEEEEEEEEEEEEEEEEEEEEEEEEEEEEEEEEEEEEEEEEEEEEEESESSSSSSSSSSWWWWWWWWWWWWWWWWWWWWWWWNWWWWWWWWWWWWWWWWWWWWWWWWNWNNNNNNNEEEEEEEEEEEEEEEEEEEEEEEEEEEEEEEEEEEEEEEEEEEEEEESESSSSSWWWWWWWWWWWWWWWWWWWNWWWWWWWWWWWWWWWWWWWWWWWWWWWWNWNNEEEEEEEEEEEEEEEEEEEEEEEEEEEEEEEEEEEEEEEEEEEEEEESESSSSSSSSSSSSSSSSSSSSSSSSSSEEEEEEEEEEEEEEE
12 EESSSSSWSEEE
IMPOSSIBLE
15 SSSWWWWNWSWWSWW
12 NNWWWWNWWWSE
12 NNWWWWNWWWSE
12 EEENWWWSESSS
IMPOSSIBLE
IMPOSSIBLE
IMPOSSIBLE
IMPOSSIBLE
17 SWWNEEEEEEENNNNNN
IMPOSSIBLE
7 WWWSEEE
20 WWSWWNEEEWNNWNENWWWW
6 ENENWW
9 WWNSEEEEE
14 ENEEEEEEEEEEEE
IMPOSSIBLE
