10
12
15
73
18
53
42
74
59
5
9
24
4
13
57
29
9
63
32
16
20
22
17
23
17
