112
-1
-1
-1
-1
72
-1
-1
130
98
0
-1
0
-1
10
-1
-1
-1
-1
-1
-1
-1
6
44
-1
74
16
48
-1
94
-1
-1
-1
-1
32
50
0
126
36
-1
-1
0
146
26
132
-1
0
0
70
-1
176
-1
156