338
1753
595
436
822
1161
279
968
670
931
183
904
98
411
679
878
342
74
653
998
1534
1066
977
802
57
960
1321
133
219
1002
1351
389
1253
258
982
1591
113
669
608
271
423
868
869
1748
685
1391
1274
1227
990
1352
96
1685
240
1341
288
1491
1528
1087
664
655
1298
719
691
135
263
76
407
163
901
1308
26
121
62
552
1589
1662
342
1043
740
935
1176
672
1790
1565
1432
178
12
730
1124
1620
1179
1242
1054
1254
1576
154
1670
693
747
380
