szkutyoybkkhnhbdv 54
bzqpiputqrhkamdzy 58
qejolpbyytlijmhkg 62
fdtwhpnxrdltpxjvi 64
zuwosxyegnnhqkipb 65
somavtojxejbvosge 66
rjoyqdcuosddtledx 70
zzsvslpcvpqaqoamk 70
xgzahxusffgorovui 71
rbzeaqjnkamtyutet 73
tzcposfsgsglitwyz 60
teqrvbmkhoslevedy 61
vtsdmyvuldokdpdih 63
wfjjpsxjddhhiffcz 64
vzncytfvbmdwipaij 68
jeetfbhwgcvifhswk 71
exuuhluykwpqqfauj 84
lqdvepvqltngaibpb 86
iqadkliaxlrdvzzak 87
krckbipirypwcqesq 87
bweiuiuzecogkzdcx 52
poctbdcrysnyrerji 54
ytbiflqkrydbeasfh 57
eguuwnukmzyexscrv 59
joaasurqsylegntwp 64
mwgeiaclbjntquzwo 70
raflzloptaowcmqwu 70
pzutqtoetfikoswds 72
tsggxhijihfggqhex 75
tseqdqrduoyyhtkfc 85
bhpytmgbprpyxbdic 59
qtkgtyeliwthqxaau 63
flahpfqrszfuggprx 64
nvithtqaaixaktjch 64
nyjfrbfzvnfkecnlu 71
skxgoqlyccsafmzec 72
tlrlnsvmuhfdjmgfm 75
duxzeoacehcljoaey 76
gqmsqoukrbwqfygak 77
ohguixnxvkbbvdovm 78
tjibdlierjtrohjtx 58
seogpwqtvthpbzxex 69
bagmgzvzrjicegsrb 73
pktigrdpghodlmyuu 74
gawwdlfubhygypyfo 75
npklojesyskgwrrqk 77
wyajywwzxtenoqicf 80
qfzuzxolgkczborip 82
sfbmshqdmjoqacfpo 86
lsryopundcifslbro 89
vqwfptlayrevdbeum 51
sfogitizxgkdgcukx 56
crcptcixxnadhoqga 60
udfyptpmhirxwagcl 63
nylyytfvoficlkxci 66
ykwgslvouspsvjozq 68
retmdmynoctitxksp 71
jpjhcxlyifxszmmgc 73
revwcjbkopultdqmh 75
hglsfjfiopwhvyybu 81
fsqajkuyephtqxhhj 62
kcovfjwobvdanjbob 62
desztvvwvkfwzguqe 63
dqroxdkxbfqjeanju 67
llcyfukatzhsznxsf 72
wcqiztpqdtsscmggc 72
wpvgxnlhmvywttgxj 73
ocqjalugkvoenuhdn 74
qhompajdewyoclkee 75
zbqvzukipdhxkrkvt 75
bjqkhhqnutalvzjef 41
pdgoigbluogfizhvo 48
yjgouqtjvvshjvjnz 53
cnpohxvcnjefybpzs 59
kzpydoxdynbllslrt 62
hltqpzopnqczvgtzg 64
cvkhjhqjkdodchmnc 65
cecqtrhwreekdmpax 66
ygyouukufhvqoappx 67
zbvskqoczzzkoylxp 78
lwifdifjqdiwdqund 52
szkrvumiyjkzdvcth 53
crkcrgkmipvxtnubp 59
xwjcxanqlooreitvu 62
dqltgyhwqneliajwa 64
wklzytanscxeiqgvp 64
xoahakzwhulevcbtl 71
tnwvboyauiscfhpcr 72
vhaatsfbqltlaweou 73
cnzdztsfyagivwdai 75
gumscmdmlgjqcsnga 52
xjmmeqzlhlkgtyxfz 53
wgeqmjrthhpkupvod 54
fveggorrumpstqkyd 56
juocliqcajtmjyrxx 62
fowfhhsfdyfyqtdla 63
sfntorasinwwgatpm 72
zblpeoyzajzuiyspc 72
pkauymbjefcrleltb 73
sgxlninvcnfrmzxio 83
ibnryuajgvvdknqhe 36
tfdshpsnbscmdrwef 39
xjwxsyhvfjllukxnr 51
kshpixpyitbkddcxk 52
lfrwtxdxbzfdxaval 57
rdjrelaeflcaahjfu 57
ajhdhkdooaqlcbzhz 59
ofyrlecpeewpjtcok 60
sufuklyicjdeanejx 60
mxpdyzxzjaemzpljn 66
oisvxkecxsqbneuwb 57
bodbizujnuwsgdnlj 59
tjvgwigxlndlbnczo 69
rxppsypfmnjqwfocl 73
tdrijfxuwtzmxmfmf 78
vdfucjdivpkyactdv 78
xggbkfwbhjhdiigdt 81
dvjjswwvhzlmybcgw 84
rvzljcfnqifmomctn 84
rmrppazydhgkmzdjq 93
jjpqtewhpjreigrsu 55
ulyerbjhhtimjrsqa 59
nkoktbeptmvjxeuly 60
gfivtzwwmrlzrdnwb 66
mewhpxjebdogkbcnh 66
dovhfpvaaveugefrt 70
wmautrdnvntpiqswl 70
pjblgneroxwbvzwix 73
cbcxecsizapetkchm 75
wdebqbplqzblvpnyr 79
qxburrupsppoyoqzp 49
diyicuznjhyozmfyp 54
csugeolcrprwkowom 60
vxuwkfekudybdpcvv 62
ysnkxfbqdnhzbtkrt 69
acvnamamwmqjjsgin 70
xvsyqzjgndifthdlx 70
loalcwzvhlnntcqox 72
bpgvhanyplmhmclva 78
pkcsdffkgifsbapxs 88
ivlhwvxhuhdtvmmdg 57
uwyceyxzkqlxiuxli 63
txbkndyjmqwrjlbey 71
fjpjrfigyutjrlnrj 72
oxgflsqmsfwlukpvy 75
ydmtukokyiwewcjft 76
qguhsvpqznujsndqn 79
dzobkcugwdtxjsglo 85
daxjkdtpxvpmukelg 88
icwikqpnmkzynirml 95
xoqglgtjeyyjeqzop 57
vlcovatvhjndymhbd 58
carupjbnxvxorygxb 60
naegkihitlauzpndu 66
vxiovpzivaucbzetq 66
jydjbfbepriwtortz 67
ohxroojwkendxmnnc 69
tcdcapinuibixgfnw 71
bqodfnydbrbioefcg 77
iqqjyljvqkwwfmfes 78
xwowetskiiwnhsqvv 51
qflxpejrakioocfsn 54
xhetasynwyweeeocg 56
ltzyipvdduumgajnf 63
epzedxcbdhfrlnehm 65
bocmgdwqrktyeigqf 67
cdyburlppqzxgfxev 68
hlvrgizhfugnpjdxw 72
hyzvprnoqvtnzojke 72
tiqmvywtndleaigei 73
vptxikopgkkexhdej 39
cfhzthvjyzifvdhlt 51
dmjavcvmywprbzfwt 58
oksslvbrppgtwtynv 58
xhctwxwlbmhntedew 60
otuvrsxuveuueqrmx 66
vielxmvjquqwbbtdj 71
cqozmlfgfjxzwwcif 73
xcitplhwyaabgyyyu 74
jxfogmaflybpigunq 90
tzzmefqecsnrcxgwn 47
ypfcexrddcyxcgnik 56
pmhdcrldhrayoetnf 60
mmmvitieathykfmnj 62
pgbzmestcfzqsigxv 69
obecpbbkvnxiikovu 70
enkwpqjuhkvhlbvpw 76
oesqlgomxwvrmlnvk 76
qdlrpiepqmzgjtsxi 81
ouohpsookgzqgwovc 86
