rkrwjqpnek 29
ztdnnnfhhv 32
woyryqfavh 33
gnmnvhgvul 34
kmvislbdax 35
wcsuvqmcqh 37
oyfivqykfe 39
kqcpdpekym 43
wwouhrssoh 46
zqprnljzpc 57
hsquhldngx 29
nhbfyckbmr 33
njetyifvry 37
yqbqbevaxn 41
zdsidczqqi 42
bfqqyfbier 43
mgpqlnuwrg 45
sygnejwhrd 45
kpsedjdgfp 46
jojakrnogu 48
pmdqeexbhu 32
lmprsfbesm 34
ngytstjwks 34
dljbhbxqxj 37
dosjjqrqnl 39
hakqjebypk 41
rmejvqcpgp 45
vzpfqyltwa 45
prhitlnjio 46
axdfokkllr 47
lfznlygrit 31
uuhghxoujr 32
utuyhyehtx 35
uyancushvr 35
kqqtuxwtpv 36
rpbgwrgknc 37
vumnoikmba 40
ddsesdcywm 41
idcoegxsrl 44
cagycjolmi 52
nktmtzibgt 41
ojcixxjfyr 41
udxhfwfhjw 41
otuqgylbhg 44
cgvjppxyup 46
xaihazepss 47
spkypvoqnl 50
emeakobqxw 51
mbfiunhfqq 52
axrkfrklie 56
eggphcsyws 30
lhklumhgvl 30
vgmspqabmf 33
aeitonmabv 34
zkxhbgkuei 36
xjgolyucea 39
jayacdloqf 47
jqynawkjdl 47
rxpasfpegq 49
orpadlmmrj 50
bnkscczgxk 24
xzepcykggu 26
ntxrjzrvhy 30
rlrtdmikmo 32
ercpuohygu 35
aypmshetiq 37
assauuegiw 38
gwxqqaepdz 39
lflbmpernj 41
khkubmwduw 42
bsdsnigvst 25
aatfvgndcf 30
zslijhdiqc 33
lyririjvzo 34
hqdavagidk 35
ckthkohsyn 36
rmhcvtlabb 40
pcawsavslp 45
wmhrwuwgxz 50
wpfqywyjuz 50
wjrdylbney 27
qjhfmngacq 29
jilppjvsuy 31
zmgbmjtzhf 31
vuhdavqivv 36
yughydcldd 36
xjgnsworvi 37
mzndgbmnkp 38
plaadslykh 42
ngnipzzzsx 55
tnecihpyei 24
jvfiubvesh 41
myjvdlqvtl 42
quxxwlipms 45
cuketmxcrx 46
jrxnvhwkfa 46
paoonjwjtb 47
wpzwbtjdyk 47
sqvzaravwv 52
vsamslbcze 52
tojpxymzqe 28
hgpqepzddh 35
xfeourxqct 35
lwtxamlaqc 36
nijyagwmgp 37
sessvvxakc 42
tbhuyzrntg 44
wdarbddmft 46
rcbvsvpsnt 51
svnmpkinku 53
sghpglkggt 31
bcohqusaks 32
cyvmdlotjc 32
ybfmdlkoyr 32
csatiekjjn 34
cincdwinfs 37
idrdrvpfqa 37
udkdsrodzv 38
kkewqwnebn 39
qbkdozpyoz 48
rtdkjmtjnm 32
mqrpgjyzqd 33
ytrisekfox 37
dxbqqishdz 39
jivyrnulpe 41
otkmwhitls 42
gdqspoazhn 44
giydvvudkt 44
niktfapuht 45
amixmzkinb 56
fndxfslfsv 27
nzfqwllksf 28
yjkmwoxidr 31
dymkekmnss 35
tmrmuecrdf 35
sqeedascky 39
dicwgpkhqs 41
slqywbmrkz 42
ctrilpvybp 49
hnqxnozzgl 49
rutfjqndtr 28
aaagwxspwt 37
mdpsokbzwa 37
mpfjshimxi 38
wkmnxiubcx 38
apdcxzbroy 39
gjfuuksxbx 39
tkvdazspxj 39
jxkncnpwpz 42
vocptlhipb 44
ifjbahleju 25
eettyidahc 30
imkefjjhfi 30
ftuitxkrbc 33
jajuekdpqn 34
vwbyaayeso 36
kybwcggnpn 39
xxzdcvcfbu 42
imdeuxbeqe 45
aowrzfctxy 53
pcmlfvwlqg 30
pmakiglpqc 32
xftovqzmag 34
gbcoekgnep 36
sovrrxovcp 36
xavaxzgfov 37
npekpdmxic 42
zwibisjuhc 42
vcqqvjpjet 45
wwtahlgvio 57
ybooqiiqis 32
jiihkkgxap 33
ckdtqiymmj 34
ocgayjmlqi 36
leonsuzahg 38
wzreddudlu 38
wjfmzwuioc 40
pzidknygaq 41
dwajizhejv 43
uzyccxnoie 46
nkdlqcstvt 26
yhoohuttfv 30
lmxnzshyrt 33
ojsrdhmvcg 33
qiwgyfbrai 37
ijcuntqtsq 39
kpzmuuxzkp 43
ujcdtldprr 43
pvqaecmlcn 45
cfleqwdzap 47
