vnmynsytsxnglmkvsez 67
ycbnloaxksblokkrwlr 67
mxcigrebdvhcbvtbjwz 68
vvovimmxqxvuqeydher 69
psduboondougnvvlpdx 71
rjemagmvxydoiyzwdbu 71
coafrgvjnbtpbxtpkhr 75
eoqzobwkqndaexfazuo 83
uhxdlayedjddeqredkc 86
ktllfayptualwpneiwb 93
kxohmanvgnoqrukqwqd 51
xsphtzgfkphkkdcknlc 55
zlnufebdjikckntshty 63
dguxaglkwuwvgrmbzmb 65
brwlviboaiiakzkihcy 69
yirsukebnmtsjmiqhjz 75
cpjwfqqlurgmqrcnwio 76
mvovgyyillvplggeari 76
uwqaiirkvpsjrlhcgqf 79
jpxfmfyyianjkkzrzbf 88
ztrebfxhxdtqkojdtol 62
lgycqqemisrpodpptdf 63
ltxlbjrmeyohrawqneh 65
umaanooyfhduuyrhzay 66
jptfiftrkmgwntmsler 68
cgdiarhljjdztssyaxt 69
uhhcduxsoiyfmgjugcd 69
gsttddgfwfgdzqajpnp 73
tmnwlirfgrebnniptfm 74
ylqfqrxqcmermzlsaqp 75
wphtqattghhvtlzngjn 70
lomedaiurdawwlmuqwq 75
orzoqvzcrrzihoyytcv 76
onqodcxtpuzjipvmuyw 78
nzuojeckcwmxigpykpa 80
msqndacbmwzjlskbiid 81
plesiupxadnazeivuko 83
mceruiyjapawpvneoqa 86
lczmnmgxnpfqefnsoru 96
atqnqbtgzfxbszagmon 99
ldqzitwdizssmgscgxu 57
kzwdgpongonebvtndpj 64
pwvezwihrdrhsjfpxay 69
sjqndctvecvavkrjhrn 73
mfqothuazjdoemerrgm 76
niomfuuhwpdoecjjbfr 80
tnrmxaddmdaopfhqpao 81
kmyqafslovshhrgmyxc 82
mmqjmoufxdwkqbdgwka 82
zkmcaqqejhmxvyohkeb 85
uiyypnljfbumurdanrf 70
yuvrfxtpymnmoqbmime 72
rfuysvzfofpbazdlxup 73
waajmoxhsfnoxskxngw 73
tuqfumdktpowgpetddl 74
xmxlkdaozgrkabkarym 77
swdjzfkerhzifbiqoxn 78
vizjwpbzejlkonueget 79
cdpypjpulcltbzqmjtp 82
caiqtkpjyzenzzksgkn 88
bfzbujzmewllyczzase 56
fuxlgabboldiacdfdzg 59
ujgothdewanbcxxblue 63
bvzngypfzrxfzagqfyf 64
budozchdgxujypjnvje 69
hhnbczrbbgekaptokct 77
oytdzvbwyosdwaszetr 77
hdypcspwwwmdzrecnpd 80
aqobytehjugzrzuchoh 81
aiwzoxbuniutkoyapdj 91
ubxobznnhykouuxsjvb 57
kbzcxgsthkleyydczkq 58
ztutgvrxcmuacylfjvf 65
mlxpfwvhsqunbvpfvvx 67
dbzyjwmlqjmadoxrpzg 70
qejbikanmbxepicepab 71
rdgxnizrocqwepvbsqx 73
onycafnnzfauxgcwtlv 75
eiepwbjtvuqwasvydtl 79
wkiwoygseytixmcsuzj 81
hjkcjhkhidcdmqgkcbc 64
qkgasbsrhrusjjlwqjj 70
wfpzyqfixofcvqoacwk 70
rprlfynmcojnyenoblv 72
memfamzynetavfwbtvs 73
hndvmvssblatzgighwf 76
jepmhccqmgtqfafebvj 78
ydwsxfdkdttpvipjipa 78
jsaoxxhnxjjhsqxgzbk 82
cnalaypqosdmjnulfvd 92
qnctwdtwjdokrjalyah 61
phwkvyupiwdizyygisy 65
dvpfkusdyneukaqfqpc 67
ntospyufelviaeemzfg 71
vwwtoxwysstnakukzmy 72
nlezhdnyxbysabitwut 73
ggsdouhvgjapbntvlzq 74
hkuyunjuakxhqdcvswc 75
xdossmajvlavlgqpzug 75
fpginsodhpapfntevzt 77
sntpvlsxgmvkbayswpx 74
hgzlmndhybwkbzwvlvk 76
obrefsdgsbrdtfyicjc 76
ftdblikhbtkfrcogtms 77
wpjorwmswylzrcgjdoz 84
brpwdszblxsknvbsdtv 86
bmfmagmlmdqanybykqd 87
jnwcsrhqblbemsvlwnm 89
tpfrbiqzdcupfiurjdd 92
zajsmxpnpsjmbyleren 97
ukwhpnjftetmudfvppy 57
ctmcyjydebppqcnhxbt 70
otzxhgrkakbhqtqflba 72
xrzqfwwmtlcsunbltxf 72
xozzgvojghhnfubstrf 73
xeefvidnlhacvudsdll 74
hjhpewtelgnodykkpyv 75
nlwouokltvmuutaboie 75
dsjppjtmbehrbwqdenr 76
xlnnzqlkackvzdxslto 92
pqverccyxtnrruguehg 64
psepzjpynjijvfmnvyf 65
fzgntdaqjwginwftqhw 67
mvbqqlpuynkjqexkqei 70
buosjfwxotahfxxesjv 74
syucjmjgwbneqfihhuy 74
wcbjitptaynzfwhvpms 78
whmdhbkbsyhswlvgwox 79
ofpdyhaedenkloqajvb 82
fhipsfxhtsfymfuroga 85
morypfcqygexlfgwvda 55
feilmhvqlxdgjzcbfbc 61
fzjlovdktnidzaadgqf 68
ymenpahdtmrpuxxfjgc 70
teluiyecqkdgzkecalv 73
lvvqgzbrjaoavuordov 75
kpudgqafxlmzmebrcnw 78
newcqhrjiaelclkjzxp 80
bszeykdallepjsuyhwi 81
gxpqaoqarztzlhqlyxp 86
qtmnvlszmicihbhwxul 59
twforbvnjenuumbcgyb 59
qyhiuuwcyfvupcadtnt 62
jmvouasqwxdlgiwgnxr 65
ihemplpyhmuuwhwfgyj 69
xzzntlpkqmcmbsittjw 74
jiacjzthudoumapdwrv 76
hlzjzcdhywsunmicjtw 78
heladyjvlhtaypyvifx 81
nouszaaxioubxfcbodw 89
ypjoenadagdwjgztfxi 55
qiycyhiwtrfuslevjad 60
tozzclbhrgjfzrdbrnl 62
bfkawwiimueomzfefzo 64
bbakxynbmmhyxxnykzn 65
zhwedhkcapciyofoazg 69
lqpzkjnootopemxlfxw 70
hmuqkupzubyiznrpteq 71
qvrsesijiikojfyjhhz 72
zthabjpsyjzokgmolta 77
rnpqxvozwxtzlzcuswj 54
oedhrsnzfsfnmqvnkqd 63
uzqexbcuoceblgxeqsp 63
rlfbsvpfvkyjgwczjsa 65
nlvvzxvkfxkhnolavrm 70
qcenfdjygfvlwisuznz 70
fruhbnrnedvbxwtdvvf 71
jcushvlnwdcitkkomhx 78
vxtrlpbfkaslpeglfdi 80
plhwoseowugozziiayz 81
dwddbsxlvtedqbgqsli 54
rwxwznzifstnkuyjxur 54
qalzbugnxweczaheezb 66
sstorhptdirnavrxphm 70
uxdardqwndibjhmdooe 70
dknitdetmxoipgefxnv 72
ewlshazniyafpskbwrg 72
ltnrxoresxfwpbtnbim 79
qqfkdffweudsyqfilkm 81
jngearaacyuwlplcnat 87
khobwchinvrwnhzelkx 56
nkmyamjfkkrpodkiohj 72
fcjwawebcrmangcawbo 73
pqbpdjtjjfpuubgtdve 75
emvujxybgsxnicfyjel 76
kntglewxglzcevvfofi 81
odsphylcezjoaldxyjd 81
ttfnqgobnlszsxlpxjv 83
zcpvlefdbqowaeqjrwf 94
wucloxoxqrswbzlfxpm 98
