bhyubvfxvkzlx 45
mfnrwspraunxt 47
cnucwaesjrtze 48
dmsojjxcnsbdh 51
kuijayeoppgtx 53
phtcvypmzknah 53
dlravyzutapal 57
dwtidvvzxuzdo 57
gawgnzqntriar 59
osmqlrcggmpdq 75
pqwebthwlxwfy 42
vdlswxmrpuzem 42
cplnxluerpdqn 48
hmlbkzgzretiw 50
gxbjyeyltvxqb 51
wbvqpxszkqdab 51
ahhetxzxmxjnj 56
qtcnykbknnjto 60
qfejsvzrzakhz 61
cahlycqjxmilg 63
hhjxiceolxjmq 40
ydzjpisbhbflp 45
ljnxbfjcjkmbm 46
qlquewcijvpys 47
jocsnzyidemel 50
ffwopizehajqc 51
ggektfpuqheii 51
qkzeaksccibcs 52
oclputwshmcis 58
ucqypijhcnfew 66
ymwriqfxrzgoe 39
ufdthdffuqvbp 40
aqjehyffcmumc 41
pbvdfpiqzjxzf 43
vtkbradfpzams 44
phfsxcxcvggam 45
rdjiyfywqiaao 50
tomzshvelofov 51
haupsgawkqvqw 59
wqvikckeudmwz 61
zrghbcotwaerc 39
szncesrryueyh 43
wuhuchnlqqngk 43
ydsuojfwktyhj 44
pigbmbxovxhyd 48
tfqskktanzsgs 49
dplfbnykrflwk 54
rqxzipcgiodgs 56
sdwskuwermnyi 57
lioclhuigczjk 64
lboinrlbfyyqb 34
cloixbrldeuxm 46
dblmnxldmfoyh 48
mwsmfqcylrury 51
inicmspdvbyvu 53
dlotodrgpyyux 56
zxgwrryfbnwmq 57
wortpugfeegxr 60
jlrbmsasrrkpy 63
lewavzllvbqok 70
yhednezhphofl 39
kfyrkkkbcxbgy 43
gknvuvicxuwnz 46
rqzpmoeuutohf 46
sffygccbehufk 46
zvujgeoeyaoie 50
ofcwjwdqvjvzm 51
jqrslxcbuwwca 59
vcvaerabccsfe 59
wyxlaobzfoqji 65
fpywrrkcgfjnj 27
gprguakfltees 40
bciaqhjxmedcf 47
cwhgomvokpfut 52
rnlptefeslriw 52
wqzbdnjhlueqn 54
nflyqjqrlwgwf 57
hejljyqwzjgrc 60
tqjmdmqlngtyf 60
byckxkboqvpab 69
knwcqnsfxzuhd 40
rfvbywayrulqr 48
rqdphdrecxthz 49
yawlavvznspyr 50
aavygodbpdxrb 51
zzavslxxnkfmz 59
wrhtcylhnslgz 60
xizsvqiyjceye 60
qqbrtepamfoit 61
roohfpieakbxl 71
ixytnfhuodpxf 37
gnhhwuhzpmaeb 41
lsvtsdqrxdygy 41
nadufznmusmgz 43
ixwvlhngafmqy 45
mlpjqxuwjhash 45
jwwrwkcnvtkqr 48
zakhzzltynylq 52
gjfkkchyffnll 54
vwndwpdgwfihy 57
wsvoltnfhtiwx 38
fxiqeujzzbdbp 44
ncbvnqeeeeuww 46
mhooyqqpsbfom 47
llxhieerwkngj 50
psyginkjjyznc 50
aarblnwjbhcqo 52
oxbekjeakscxf 57
ixozobknlvrro 58
mrtepeaovyazl 60
prrmwggwpokzz 38
mysmlhdftcnzy 39
mkkbgizzbozln 40
gpitewrwiedoj 43
wystnaixtotml 47
yqzzqbobhfgnu 47
erqscribqaffb 48
vahhnnadffupg 50
cpkeoffpqlwup 51
tzzidgeekutln 51
xtffyycctgziy 43
ljohsfanokwdk 45
pvnajicsrpfuv 46
qrvjignzyjtik 48
wmfewcyckycoa 48
crehcvfpxozag 49
trlnmxmgatmsq 49
kzrbheqvylzeq 51
lepruuiablvic 53
twevcxmpkbowh 58
jqagrkonvigwk 36
sycpkhjyheaeh 40
dsoaucxbgufeu 43
ubizjrqlzjvqw 44
iamnugoegavyl 48
iiwluszzxwexa 53
zgzfnhgbwcknh 54
sneqybzhqejeo 56
xhhndzniqypaw 58
ovecxeyamvmfi 61
xgwhnysebwbkw 44
biobexjyilpfv 45
sdrzhntmtbdif 46
fvksecfkugovn 47
uudfgqpewyhzu 50
ezwiqykuzlbjm 52
lhvejdbvxhxfr 53
ueqsyixrjfect 54
tlhoymqxugvhc 56
ggtlapwjfxvxu 57
ptigbiylumfen 37
deqiypqwzdwrh 46
xpikosibidjdo 46
lfhcxgjxjcmvt 49
ohxtvisgrdwhe 49
jxijjonzynqom 54
wwvkikdttgdrs 54
telclhzgtjsxc 55
vdvwspcerplsv 61
zfxdsnkrihabn 65
zvjywxodpmpko 41
tholftptzwulk 43
eadpkgnrytdht 49
onfswjtcafkny 49
iicrctxnbmgbk 51
fpgzsbhhpocej 53
eruznpeinxzsb 59
aweqekjamwqqh 62
pglinrzvqszzb 62
psafqinscrmzf 62
coziryjvuhcbp 47
ifbtficqojvdd 47
pjxqoogcheown 49
rgnntpxnrwcfb 56
pnogmqwnaqnml 57
fhjggcouskjrx 59
dllvwaevtvkbz 63
ziraznodvsavw 64
vnegcvyccqnsj 66
zzcuwhfheekkz 82
jgeknqnauwgdo 40
vyqhkzaajnazy 40
knjsqgrindhqf 45
wwuumebytnavp 49
upbreneqfwwye 52
khknmbcakqsid 54
vnnvoklpdrckh 54
epjrbeeraubnj 57
mdnciehqwmvmk 59
qdhqddoxzabaz 64
