rxzihoubxybukdmysfsewy 65
dvwmigksugrtjminrkmlrh 75
uiwshobjhgrovvcsxivyrq 78
uxwdvnbfbzuftqgngatblz 80
kdrzhzpfblnxfwnihwpykm 86
qzxkgrqcrqxkcndvphdrnw 89
atsmnrrceiadqjtmkrmllz 91
dgfmenvaedbjvmlzmchqya 91
eawkcsoptrkpguxsmszdnk 93
woetwbuqretjfckvjliyko 95
htynbuweyyrxcttwxiituv 70
quonzzkpnsjwunkndthcmm 80
betmqnkxlasbqtbakqvwmp 82
jyemrlpfzsjsebhqzurtwj 89
znyeausbpmwjmkhxtbqmeu 89
svsamwliuttbduneeiuhac 91
gjhkzkyjtqdsiqlucmvozv 93
ozjypgudxfbbuvojcqdoih 94
isjzbmrqiuxtfyqelmuwhw 97
psxqmqlkbzlnactwhrcluw 98
miorrjuqgpdbarrofxgkbu 68
yenllywfftzivzqhihvtwu 69
vlvjnqomepebobljobqqvb 71
hnbbtsagxiynasoyoatdzn 72
nmfbnyrlzgvpxmyrfgiihi 73
xuacaikjqojpxjtskuaxaj 73
bayjyetzyilgjaecnfkiuh 74
fqostawumvpwsvpkveizqj 82
xtiuesqapydkzixquepzne 86
zqxwwhvnqfasiwklcjvbxv 91
yrmviiryxgtzuizbpkdnvd 80
rqwrcuypzwiouqwlrutkvp 85
kkeehhxhjlwbvucnwturvk 88
lrutyrnwmspyhdnsskfoxg 89
uicgdssdeeuyzusoseikeq 93
sxqkhtxeyruuizqioqfzgb 94
nrkheqxdwsoaarsuuxarxc 95
tmayeirwsdgxjqghxpuvqp 95
ptclmyfhkawlacttamwglf 98
npqivzscphvbqzrofpitqk 100
ijahngfvdclktimdbihbtn 73
rhzdvxiozqxzznhgkkjvwe 74
zyuxhwtvelpeonlznbkcgd 74
dufummtsnixbpxiivfvqvr 77
vofrvchstcyjeqnllmwdra 79
sgocpcfvykqdeepxzegwfx 81
xmnhzycvdiimofdywhavoi 82
qsxbvhlaojndqoevjhfuvv 84
dlhgvqiqebxfguepjdhifh 90
qkactfypazpwxzsswzfmfv 98
nixogcdllairpzhgkvimjr 73
adaeqnuoyjgbqhwcvucoaw 76
mciveystfbcbggndemnowi 77
jqaemcumbfuqhpugayepdh 83
nmijnnxskwkglfnejbpxnf 83
bdsdzcamtpurddvjoglzxa 86
giufejvwzkkhvywtsgpfnc 86
uxgpporkmaaogosbaviwlr 91
msbhztmoxyqguwgoqnpuox 93
kgncvewjcwnecfsxtsibty 99
imnnahfcmrtbplmxjjrswr 68
mfnhlrvxmdjcqmjxqxqjzg 71
bfykgcwommbxqajatydosg 73
wldfxwavomadvnuqlgvwkm 78
lmofkttczgqcrubsdosrze 82
oljezjjrnduuaxuvxsunam 82
ubfxdyuyyxqiqmckjzekhh 85
lmdlexyhlamlkspjidvjbm 89
cqjtwusvxsbidcbaooadsb 92
mpnwsjivxthnargtvgclkv 94
dnjzivolgtlsgitsrudztt 90
njrcumdkvjxfiicwvirgaa 90
fzklvbljyjgxqnnwnlvboh 94
pwgrxtbpvorofxlakhpwrh 96
qwsjsxlnqawkcswidurczb 97
sbpfjlcuzookrhoccakiqc 98
kdzimqooqhmksghfuafskk 100
ncrpevulunmjsvwwpvlfie 100
tpglltqtxhrdyqyzfvpymx 103
vxzhfodyxzndkawcvvknbk 116
phsfbuewpsothjudypwtpm 71
dtiaqefwmghyunxgbcydur 76
nowohrnwrndeprvckxrxse 76
zefxubhgtlbcnrgspuaxtu 85
afkzopnqcmntlbfgeimcwa 91
lqninagobxxvebqkxheoal 92
ajmmfymmdqcqtukoyoukms 95
mqcpubupsttaqqbzwvmyzz 98
xxoxmmsdaevoolqwzrtzpa 101
eqkaqsvccgmwwrhowvtfgi 102
mbiokytadqinbqpiturtmi 72
ecjssgdfqpiadtbwvepdtq 77
brewxvzroxaomfkxbnlycs 79
tqpaudlofcshvmsngzuclo 80
oyemlhsbntsspqpqhdojsc 81
hdbqmiunfnduqzzbngfgnd 86
sfqahkcszlvcejkywplclb 87
qczrrlqufguksfrmhhfbbw 88
xihjiagafharpioaooxilk 89
wjapfuitcmxnhqvkvnbgog 102
cpoiypzvxbfxcraeutvcil 64
yraaimyhnjzgmzjzmnngur 80
ahyzkbcdtpimpozgmuadip 83
bsvsgrlfbbmnfhkqzcabrq 83
iqrdybkndosfeqreipzgep 83
uemtvavhbytgpmtotghhmc 83
xlwfcxmhnmanoiznrowqxk 86
cfzpwkasyvwnornlaqjwxb 88
kftaglrwtsqomzfxeiaqvi 90
qgjcvxlpqicophmdobpqqg 99
thnhzotzjhdjlvffarxjuj 76
xlgrhcvppnyguacfpntrnr 79
yfgiauxevhqdstjosxxbkt 79
qifauwblgwlfkkcastydnj 83
mcadqtufmpiakzqldgjvfb 87
ijgldfwxogjkweqhezmovz 90
uyymxvqhrwjskmhlivmnsx 97
kkuotflahejulikgjtonez 99
gcbmbpawozdujdqijlpzpi 102
tbourozcqwpyqwalnpzmyv 112
wrbeqfeifsriplyscyrblh 64
wckajjblarrmgdpnfyxvfl 67
xqmfedffdyprvopejkmfxl 70
rimuzyjvsgtnzphxxlmbkf 72
xyvrutwhcocyrwghgnpaza 83
mhbxrpcraxxlqrhjxjauyx 88
ugirswsebpwnuctciwcxqx 90
vtssevmeslwvroavyfppof 92
aoxemqiyxdtsxxnmbhxzco 93
pempmbfcihqhoexwevbxny 110
yqbaemomhyebvpifjgbqut 70
vjvkhndjtdbwfiktuuuzvr 73
smwdmeojpltybxbtywcgrn 74
kmvrksprfrwqxycdnmggjk 77
vihpebqbujgtlttdaptrir 78
isqxapexvqjshvmworpljn 80
isrxlhiuwtfosenanyqszf 80
jlqzxyfjjqdbpfrtcmlngt 80
bntecmvmfpybtkfjwwvpxy 87
qfzclashvnrryyedjzglvl 88
yuyrrqkqeovbqxxiyrqaeo 72
ryunargcexecpysgzyyqnd 75
yqkmpefsddmdwevgwzxrcn 77
rzxpsorzeprpdgvkyanndl 87
ohxwuviukilbnjbrxfiell 88
edxacurzugznwyjuoxtrbx 89
bcvabvrqzpdnonqcffhvob 90
nqcjxcmhtnmqnpmghlykao 97
aqrfyycmcrfgaekoldbztp 99
ykozkbmppfqjuqaaugyakp 99
xrfvurorkzfnuhlwsgftco 69
nfvbjgvhylrjwdxoqcujqt 71
imbvaxajthbvjrrybplvdl 74
esaanvpkwnslacorwbmtxr 75
dbjisrfvzhvtazjetvtnuz 84
qdiqjsuwfdshbskwoeisvs 84
vipniartnuvwdppkkoufhw 92
qklijmqncgrmwchtamystz 93
aauscqcujpuzdglopalelk 97
nxoommihnvnkzyqwfpixag 97
imidzmqkbbkttzeautweif 75
ozibswguggynemagctxxbi 75
jgpnzokbylryixkdfrpndd 79
ponikglvvusiytbvaheadf 80
bqauemviekhmnaiuwqaudh 84
pozlezikirqyermrslellm 84
ydfymlaqrqsgjemqtomzcq 87
oanslefnzudoepuplrmdck 89
julbbrxffjauzmvhejpmct 96
kysqpjfuowinhpprzzkrxr 97
yfawbvgukqsawilhjenkwn 69
oysvgrpswaperpbtixnfjf 72
jwzjyjuguuoxqpuymeregp 74
nxwmdyfpgunzrtshnojeuc 79
kvneqlkzreaqyzzmyaikij 81
qvnreifjtmlefrhcdbnkvx 81
fzjrecxmsjgshhgrehlxjo 86
muyyylivbrtadrmzzgtnfl 93
lvhoyxatutvksfoozdcrkg 97
tbqxibwspmpedvmkhhysmd 103
qfafmltpuzdncrhgwvvhss 70
lkmnujcguysabhvrdqgvkb 81
ybmnsoyqglcszxddfybxyc 81
zihxfdgzvbkdlizsgcsjfx 81
jghhbusywymjspfrpglmdj 85
vjgiyvhwdxbdfpryflziab 86
dlqbouefnnlvumpoknnzyh 92
zwxgkxqkypuioblucixmlj 94
eoludwyxzsvxwrihxaebrr 98
wkdcovouunssvcplppcjxq 105
