gderbinwxcafoffqhrcfiqmji 82
gcttobinnugkrynhvdnntvckk 89
wolkdaehnkriitvmxmtbpewui 89
kxfrenosaawagdqqwyypvnmjg 91
rdneksybnecqecblvecodxfhi 92
vtqmcwuhrnvuyihsqulohumkh 98
vvidrqlxucaeqwbswgidoamhd 99
nzmmtvwqaqxqepqgnrnshfphg 102
spteabayjfrbqqxtrdjpfdonn 116
zffbqpylhmofhxwwsqucansua 125
vebtjdppyebgrudyjhqmyytrd 80
lvfhnlgtoextlwhofnxtbtuel 86
ugvokgltvhmeqbrgfqeeehbmx 93
hfdzbdheyevdzpoacpaaaoqqj 95
mqteiehnjpwdendugitelxywc 95
xxkzlkwslrbohtmnuuerxfcfv 95
vjnvthjomqcxwxnbviorqcydb 101
gvhslpgcimmptzakyfqnkktse 105
deeijupoxordxxddsifixfkof 107
zgdycfgxobidjmmwzdpadcyks 125
mczejxrnbewbhkzvvwqejurtb 76
nfdgyemmohsfrbzhtsoykcbiy 84
lecnjadmwmlxugkcnkhmtepqi 86
emiveqhhsosrffsmbwvnvrjuj 88
glynaztolgzgcbecxjhuscfnm 89
perayapfdvfjktarlfkngtgyi 95
jqbbtffcdqlkmggrxnvoxchmy 97
doklkuwayxtddxivitirzzqow 101
hkmivkzzdzzdqeiojuycurpbc 103
cjxljhuvueqgepkfqpwwakhuk 105
bofibtgrhuussneedrlmoyusq 75
teyiohulpllmynckixdyinlpx 82
dpzuhqjjvkdylhsejnhqldrtq 88
gflmzopptxsodjvzgqutwyyom 91
lemfyeldqaeertzplpuxlwddq 105
xkorybkebttjneazqozftlpsq 107
mvfpaxnbqjtstqjikhkmspsml 109
xadxyrapswyigigsnedvyhgno 109
padasdzerqcvdgwwzhlghmywo 112
wbqwrchvrpuvczlcgrwzsnnih 115
kovewwhfgwwzajhmuhyyjurfl 78
zygesboqxxfljtvplgdewkfhi 86
utjfuomlezboplvqeuzgdingi 92
eqqloiokhatwjchjeczzmercb 98
jytjmokmheqlmtohykxxyqoat 98
mwwlduvtpcpojuuhsvkefwaov 105
axrueeiaatfwozmsocdlwldtv 106
muogxpasbhortzxucmknjaufz 106
buzkjpiijyavqvifqquaqilzc 114
cjjprrclikkzmeavttrsrlxfv 115
tywccblauwsbkuumqgnjjlgpq 85
rokcmtdrohqcwasbkwdulrsgq 87
smcvnkolgqpjereajhnfbbvjp 92
zfvewnpkqdhczkpowtxpxfhgc 94
fualjqgxvbmhpznhpzlgfosmd 95
jxrjqematcwmzrbxvgdmwmazf 102
hzwzgmjlkaxkjcwxrbnzvnaql 104
ifwrmaickmpdqitzyvybpzlme 104
jocovkuckpkeiregrhukiiiwh 108
bimowrxvpwddgpqgoarqzphce 112
ttcufvimpjdyvsknkyyujnrut 80
vctqqbrwwqfgjtkgarlxkkved 84
rbretdhqktyarsmtlzcutfsmg 87
betxjkrmbvfhexrzwtqohmbho 90
ofuyrjknkssojijowjehlvhqg 91
dxhjgnytmctlghrdytagqlwdr 94
ygqhwwaraxwxfipqnpofabsya 96
kwzfcerqvdmaplapzckkdwbmr 103
jnpmufkwyaoctkylrhvktbkko 105
mlwezzcoexozxixkoletwymqm 112
adcueegotmudsfefndvnegkdb 93
sroovnqarkgwtwpfrvzwbglec 95
bwuftgdtdfayzgrpeawjfjulp 96
vyvcevugqowjgddlkgdxxviuu 100
akklolfhzteokhgwncpktubov 103
pnxlymejaipjpqmcoxtgnqzco 103
bjbgrnxemieyppaxfkpxytmym 108
timeehfbdmwlprowroyzfnfhl 108
zpckveliqyyefffakumrcjggy 111
qzvtqqshuffasnrqlvxqazcwm 130
biewaquahbijcfhppsvnckevs 80
shvrqrchsrnwfaukxugtvcuko 89
wxrfiabwylijfwknqthcsaqfx 89
tmwimlulbgugslxqmlxjceuqk 90
aerokcqvzyeoocxdvxttvkyhu 93
yijmiwgvcanvwotziecibnoyp 93
kxolhfmrqyzofwrhjmfzffjlh 94
ipsyvrafvyfnsfwtqfyxonogk 99
cjvggpowhoraqyyodliliedpe 102
jrymgeokwdxavuzwypkcmpxjl 105
uhbeoxdzvzhixzhdornetvrjs 80
qnrfrzzzadpyiqvjxfhyommgz 82
tzwkkodxhioghnjnfjvvghtnq 82
ygbrurnytvgxyrxlmleejemqm 88
tcciibbjyntoqswygeiwpxbau 90
ygfsrtqrxmzodsamzeypbdvvo 91
zkxwgnwswdniiqbhlqvzczmeg 92
akjfvmfbrxumnmmcnahgbthhu 94
kfjliekohdkzsksnsrnjobvcf 96
bljobyyjjmrpyhxduwweqlxiz 105
hestwihhawumsyxvzjgbdoyxb 80
tjuioebycridbxxrvywhyhfhj 80
sfsghfnnxgkgprimnweotbnfi 87
gqziwbfzfwvxevpdtrvtcemqq 95
bfvypwjpypqhwezuvuswwcppm 100
xcepuqharxwcqyijsokaqbadp 101
mjspmjvcjdzmjauhvrlsiqncl 102
sgzpujrbgrseaicpaloemizga 104
rkyphziptqwbdmylwgaprmfns 107
xyycnqxwmhkqjlsctwfsvynvw 110
ardfrlenrtftcraogycvitaxo 89
rlfriwjlsrdqzouprimipbfrt 93
uwcozoikwzusigkblcbaxsrhg 94
xvgmqcjmhmmvlpirdntpefooc 96
rdugsyijcqanuphnxasodiudk 101
wmjkmzymjfuaozzfxewlqgmyp 109
maaiowgcfroercnzxopypuxvq 110
oxihgriezpwcqmkizijzaiuou 112
ilwuloilosbkzdpsstlwiktyb 114
zyifrdbofrnwzaszumjaynmaq 115
uynbphaknrwbjbdtngmnwxscc 89
fdacogwjznfsvpkwnpyjjysec 92
xugommscbikdryojfffrhmzam 92
rqjhmairqcakwaopckskajkpk 103
ttrpusikqbxfbwsyhtedkgclh 104
zfpujsryctbudgnpapbgpyqks 108
xoicbphermsakezxjtsberovp 109
reijrdchmltptkfynpunflrqe 114
bqpofahmksfpumcfirasyyhpu 118
jlolmchmpiczloocmqlnvgcbs 119
fhoyoigklreburcrevpdsutaz 71
iwajsocnbxltwzxdqgevxhjto 92
rtluyqzmegrhzdpdmwfwmaqgs 100
hbgcdfsdosxnaaafpytshbzrc 101
ggdfyhgdejqnvhfjccqbnpwno 102
mffqjxijorphmesskghcjhapp 105
zdxdmjkppmtvewlzvyzvagmzc 106
mhckuzyzfpkexvvqkedrxxbdf 112
qyiatxfbnfpwobhfhkbymuchk 114
fomfddrmfdghciotuusqpiaul 116
mirhhncrcyqcxrfwjbtelwrht 85
ryfnnkffdlymwynrpfepphphs 86
fepiorrlqpygglmjkdvrpnvpf 89
tbomjjfhuivoxrawuzaqcbdia 95
bbaaoqwdnesntnpqgaterhvyt 96
qptfthlyytosnaicyqjleuyhq 96
twiblspumzdzbubbmfyenwnor 97
tkptyaxzdzptxvibnwxannipi 105
dlmduewvkjkupracsmyqbrhiw 108
hvywlqrmgdxpkhjscaptaopco 111
uwuxdaalebmfjnhzhuznmytpf 94
jvacfupbfontxntidudehadph 96
ixlnkkkyarxrvumozhdvnrkny 97
faaiqjhkdbakdnrkduhwfwdhg 99
omumdsgzmgeogrujdzuqiuxet 104
bgcazbgbborlyeqzgdetupwry 105
nwlxlmgyzjozvalvxghwfkstl 107
hnncnzkkkzwukxxduoyqaprhu 114
zuurnfclhfqbwringckwxuztz 117
xoqfxodwvtduowgmmyhxantyk 118
ehyvylhjtwotekidmbaazwxlg 84
fazcbgnmcpstjhmgsvpvrsats 93
txesbafuwkdxizupbjhbofijk 96
rlsauthdsebfomykbtqnbwbfy 98
ljtagpuptxjghbwbfaatxsupp 99
uqnqhcvjexkmmwodoinxwvprn 100
hwcikmdjtvnvahrnmovokmpvw 108
bgwbrcucvwyqdbkifsytqkwka 109
mkfmdaivnzcrulxuvkitymhib 110
sjbcsnkqpuccxoxsbsvijkxzh 111
ilzwswufspoxdddxjmeygsonx 85
uqbjneradptbjauypteuwddii 87
wnuvhfmpdudjfpunqefebcmxc 90
touurqntslecnholrcyysipun 91
afhxriihgvzdkcxdtsrrmboxo 95
drcugzowdxlhrmmghoqhkqydw 98
ftgtqwjmmevycjrwruzidyzui 99
rgyfodljlgbkqnwwiuyulvnhw 101
taawkkcbmwhnmfqkrzdfmjmcb 104
ouovjlvotsibdpjyqoksmoogf 106
qmwmfvatpmjiuyyymgbtnzfbb 60
atiujijeebhkfmnuqhrpqxzdv 78
iqvestwoahfvpdmiofewubyxm 86
swfjqsgyrqitwinwabjniigsw 86
nguvyqgookihiyhpdchjqpzxv 87
xtwwrjlxfhxynnmzxvhveybjf 87
puwqdecdanesxwjeikyutbcyr 94
llukqrgpqdmfdgfvkmasagkzr 98
twwxxpysxscfdimerylelfwtw 100
kzwlzsisqglzskhbhfqwtptoy 103
