tgb 1
yhn 2
rfv 4
ujm 5
edc 7
ikl 10
wsx 10
qaz 13
opp 16
asdfghj 7
xcvbnmz 12
qwertyu 14
sdfghjk 14
dfghjkl 21
tgbgtg 3
fghhgf 4
bbbbbb 6
ffffff 6
hhhhhh 6
tttttt 6
vgyvyg 8
aaaaaa 24
llllll 24
