qwertyuiopsdfghjklzxcvbnma 30
mnbvcxzlkjhgfdsapoiuytrewa 109
mnbvcxzlkjhgfdsapoiuytrewq 110
