10
6 5
10 5
13 2
13 7
16 3
19 1
19 7
24 9
30 3
32 3
