14
1 21
2 4
2 24
4 29
5 17
7 13
8 3
9 9
9 16
9 27
12 12
13 9
17 3
19 12
