68
6 37
6 39
9 38
14 16
14 17
14 18
15 16
15 26
15 27
15 28
15 39
15 40
15 41
16 16
16 26
16 39
16 42
17 18
17 40
18 20
18 45
20 7
22 4
22 5
22 7
26 4
26 5
26 6
27 42
28 40
28 45
29 38
29 39
29 45
29 47
29 48
30 44
31 38
32 40
33 26
35 14
35 21
36 11
37 4
37 8
37 19
39 9
40 47
41 45
41 50
42 8
42 43
43 8
43 10
43 48
44 8
44 25
44 40
45 11
45 25
45 26
46 25
47 6
47 7
47 9
48 5
48 48
49 5
