22
1 3
7 19
10 18
12 16
16 7
18 11
18 33
18 34
20 10
24 19
24 40
25 3
27 25
27 29
31 24
35 27
36 2
36 9
36 37
39 28
41 19
46 1
