122
1 1
1 2
1 3
1 4
1 5
1 6
1 7
1 8
1 9
1 10
1 11
1 12
1 13
1 14
1 15
1 16
1 17
1 18
1 19
1 20
1 21
1 22
1 23
1 24
1 25
1 26
1 28
1 29
1 30
1 31
1 32
1 33
1 34
1 35
1 36
1 37
1 38
1 39
1 40
1 41
1 42
1 43
1 44
1 45
1 46
1 47
1 48
1 49
1 50
2 1
2 28
3 1
4 1
4 28
5 1
5 27
6 1
7 1
8 1
9 4
10 1
10 3
11 1
12 1
13 1
14 1
14 48
15 4
15 47
16 1
16 3
17 1
17 18
18 1
18 17
19 1
20 1
21 1
22 1
23 1
24 1
24 32
25 1
25 31
26 1
27 1
28 1
29 1
30 1
31 1
31 6
31 25
32 1
32 4
32 5
32 24
33 1
34 1
35 1
36 1
37 1
38 4
39 1
39 3
39 23
40 1
40 22
41 1
42 1
42 45
43 1
43 44
44 1
44 6
45 1
45 5
46 1
47 1
48 1
49 1
49 22
50 1
