200
E
S
S
S
S
S
S
S
S
S
S
S
S
S
S
S
S
S
E
E
N
N
N
N
N
N
N
N
N
N
N
N
N
N
N
N
N
E
E
S
S
S
S
S
S
S
S
S
S
S
E
S
S
S
S
S
S
E
E
N
N
N
N
N
N
W
N
N
N
N
N
N
N
N
N
W
W
W
W
W
W
W
W
W
W
W
W
W
W
W
W
N
W
N
W
E
E
S
S
S
S
S
S
S
S
S
S
S
S
S
S
S
S
S
E
E
N
N
N
N
N
N
N
N
N
N
N
N
N
N
N
N
N
E
E
S
S
S
S
S
S
S
S
S
S
S
S
S
S
S
S
S
E
E
N
N
N
N
N
N
N
N
N
N
N
N
N
N
N
N
N
E
E
S
S
E
S
S
W
S
S
E
S
S
W
S
S
E
S
S
W
S
S
E
S
S
W
S
S
S
