68
N
N
N
W
W
W
N
N
N
N
N
N
N
N
W
W
W
W
W
W
W
W
W
W
W
W
W
W
W
N
W
E
E
E
E
E
E
E
E
E
E
E
E
E
E
E
E
E
S
S
W
S
S
S
S
S
S
S
S
S
S
S
S
S
S
E
E
E
