49
E
E
E
W
S
S
S
S
S
E
E
S
S
E
E
N
N
N
N
N
N
E
N
N
N
N
E
S
S
S
S
S
S
S
S
S
E
E
E
E
E
E
E
E
S
N
E
E
E
