200
E
S
S
S
S
S
S
S
S
S
S
S
S
S
S
S
S
S
E
E
N
N
N
N
N
N
N
N
N
N
N
N
N
N
N
N
N
E
E
S
S
S
S
S
S
S
S
S
S
S
S
S
S
S
S
S
E
E
N
N
N
N
N
N
N
N
N
N
N
N
N
N
N
N
N
E
E
S
W
W
W
W
W
W
W
W
W
W
W
W
W
W
W
W
W
W
W
E
S
S
S
S
S
S
S
S
S
S
S
S
S
S
S
S
E
E
N
N
N
N
N
N
N
N
N
N
N
N
N
N
N
N
N
E
E
S
S
S
S
S
S
S
S
S
S
S
S
S
S
S
S
S
E
E
N
N
N
N
N
N
N
N
N
N
N
N
N
N
N
N
N
E
E
S
S
E
S
S
W
S
S
E
S
S
W
S
S
E
S
S
W
S
S
E
S
S
W
S
S
S
