99
E
E
E
E
E
W
W
W
W
W
W
W
W
W
W
W
W
W
W
W
W
W
N
N
E
E
E
E
E
E
E
E
E
E
E
E
E
E
E
E
E
N
N
N
S
W
W
W
W
W
W
W
W
W
W
W
W
W
W
W
S
W
N
N
N
N
N
N
N
N
N
N
N
N
W
N
W
W
S
S
S
S
S
S
S
S
S
S
S
S
E
S
S
S
E
E
E
E
E
