41
N
N
N
E
E
S
S
E
E
S
S
S
E
S
S
S
E
S
E
E
E
E
N
S
E
E
N
N
N
E
N
N
N
N
N
W
N
N
E
E
E
