328
W
E
W
N
W
W
W
W
W
W
W
W
W
W
W
W
W
W
W
W
N
N
E
E
E
E
E
E
E
E
E
S
S
S
E
S
S
E
S
S
E
S
S
E
S
S
E
S
S
E
S
S
S
S
E
N
E
N
E
N
W
N
N
N
N
N
N
N
N
N
N
N
N
W
W
W
W
W
W
W
W
W
W
W
W
W
W
W
W
N
N
E
E
E
E
E
E
E
E
E
E
E
E
E
N
E
E
S
S
S
S
S
S
S
S
S
S
S
S
S
S
S
S
S
E
E
N
N
N
N
N
N
N
N
N
N
N
N
N
N
N
W
W
W
W
W
W
W
W
W
W
W
W
W
W
W
W
W
N
N
E
E
E
E
E
E
E
E
E
E
E
S
S
S
S
S
S
S
S
S
S
S
S
S
S
S
S
S
E
E
N
N
N
N
N
N
N
N
N
N
N
N
N
N
N
N
N
E
E
S
S
S
S
S
S
S
S
S
S
S
S
S
S
S
S
S
E
E
N
N
N
N
N
N
N
N
N
N
N
N
N
N
W
W
W
W
W
W
W
W
W
W
W
W
W
W
W
W
W
N
N
E
E
E
E
N
E
E
S
E
S
E
E
E
E
E
E
E
E
E
E
N
N
N
W
S
S
S
W
W
S
E
S
W
S
W
N
W
W
S
S
E
S
W
S
W
N
W
W
S
S
E
S
W
S
W
N
W
W
W
S
W
W
S
S
N
N
N
