66
E
E
E
E
E
E
E
E
E
E
E
E
E
E
E
S
S
S
S
S
S
S
S
S
S
S
S
S
E
E
E
N
N
N
N
N
N
N
N
N
N
N
N
N
W
W
W
W
W
W
W
W
W
W
W
W
W
W
W
N
W
W
N
N
W
W
